# serializer version: 1
# name: test_hello_world
  '''
                                                                                  
   Usage: main [OPTIONS] COMMAND [ARGS]...                                        
                                                                                  
  ╭─ Options ────────────────────────────────────────────────────────────────────╮
  │ --help      Show this message and exit.                                      │
  ╰──────────────────────────────────────────────────────────────────────────────╯
  ╭─ Commands ───────────────────────────────────────────────────────────────────╮
  │ books                                                                        │
  │ rpc                                                                          │
  │ shelves                                                                      │
  │ steal        Steal the cookie from a Chrome net-export log                   │
  │ upload       Upload files to Google Books                                    │
  ╰──────────────────────────────────────────────────────────────────────────────╯
  
  
  '''
# ---
# name: test_protoc
  tags {
    name: "tag_name"
    tag_id: "tag_id"
    created_at {
      seconds: 1
    }
  }

# ---
